BL51 BANKED LINKER/LOCATER V6.22.4.0                                                    11/13/2024  20:13:04  PAGE 1


BL51 BANKED LINKER/LOCATER V6.22.4.0, INVOKED BY:
D:\KEIL5\C51\BIN\BL51.EXE .\Objects\Main.obj TO .\Objects\3.ÖÐ¶Ï PRINT (.\Listings\3.m51) RAMSIZE (256)


INPUT MODULES INCLUDED:
  .\Objects\Main.obj (MAIN)


LINK MAP OF MODULE:  .\Objects\3.ÖÐ¶Ï (MAIN)


            TYPE    BASE      LENGTH    RELOCATION   SEGMENT NAME
            -----------------------------------------------------

            * * * * * * *   D A T A   M E M O R Y   * * * * * * *
            REG     0000H     0008H     ABSOLUTE     "REG BANK 0"

            * * * * * * *   C O D E   M E M O R Y   * * * * * * *
            CODE    0000H     0014H     ABSOLUTE     



SYMBOL TABLE OF MODULE:  .\Objects\3.ÖÐ¶Ï (MAIN)

  VALUE           TYPE          NAME
  ----------------------------------

  -------         MODULE        MAIN
  D:00A8H         SYMBOL        IE
  C:0010H         SYMBOL        LINT0
  C:000EH         SYMBOL        LOOP
  C:0006H         SYMBOL        MAIN
  D:0090H         SYMBOL        P1
  D:0088H         SYMBOL        TCON
  C:0000H         LINE#         2
  C:0003H         LINE#         4
  C:0006H         LINE#         6
  C:0009H         LINE#         7
  C:000BH         LINE#         8
  C:000EH         LINE#         10
  C:0010H         LINE#         12
  C:0012H         LINE#         13
  C:0013H         LINE#         14
  -------         ENDMOD        MAIN

Program Size: data=8.0 xdata=0 code=20
LINK/LOCATE RUN COMPLETE.  0 WARNING(S),  0 ERROR(S)
