C51 COMPILER V8.06   0                                                                     02/15/2012 21:33:05 PAGE 1   


C51 COMPILER V8.06, COMPILATION OF MODULE 0
OBJECT MODULE PLACED IN 0.OBJ
COMPILER INVOKED BY: C:\Keil\C51\BIN\C51.EXE 0.c BROWSE DEBUG OBJECTEXTEND

line level    source

   1          /**********************HJ-3G实验开发板例程************************
   2          *  平台：HJ-3G V6.0 + Keil U3 + STC89C52
   3          *  名称：C语言学习实验
   4          *  公司：慧净电子科技有限公司
   5          *  淘宝：http://shop37031453.taobao.com       
   6          *  网站：www.hlmcu.com
   7          *  编写：
   8          *  日期：2008-8-08
   9          *   QQ : 121350852  398115088
  10          *  晶振:11.0592MHZ
  11          *  说明：免费开源，不提供源代码分析，有问题直接到慧净论坛交流
  12          *  论坛：http://hjdz.5d6d.com
  13          ******************************************************************
  14          程序功能：      演示有返回值函数的使用方法。
  15          ****************************************************************************/
  16          #include <reg52.h>
  17          
  18          //该函数为带有两个参数m，n且带有返回值的求和函数，返回值的类型为unsigned char
  19          unsigned char jia(unsigned char m,unsigned char n)
  20          {
  21   1              unsigned char he;
  22   1              he=m+n;
  23   1              return he; //此即为返回的数据，执行此函数后，便会把此值返回给调用该子函数的位置处。
  24   1      }
  25          
  26          void main()
  27          {
  28   1              unsigned i;
  29   1              i=jia(2,3);//此处调用的求和子函数，其中定义了参数值分别为2和3，
  30   1                                 //调用完求和函数后，i的值即为返回来的5。
  31   1              P1=i;      //将5送给P1口，二进制码为00000101，通过led亮灭显示出来
  32   1              while(1);
  33   1      }
  34          


MODULE INFORMATION:   STATIC OVERLAYABLE
   CODE SIZE        =     15    ----
   CONSTANT SIZE    =   ----    ----
   XDATA SIZE       =   ----    ----
   PDATA SIZE       =   ----    ----
   DATA SIZE        =   ----    ----
   IDATA SIZE       =   ----    ----
   BIT SIZE         =   ----    ----
END OF MODULE INFORMATION.


C51 COMPILATION COMPLETE.  0 WARNING(S),  0 ERROR(S)
