C51 COMPILER V9.60.7.0   MATRIXLED                                                         12/18/2024 09:49:54 PAGE 1   


C51 COMPILER V9.60.7.0, COMPILATION OF MODULE MATRIXLED
OBJECT MODULE PLACED IN .\Objects\MatrixLED.obj
COMPILER INVOKED BY: D:\Keil5\C51\BIN\C51.EXE MatrixLED.c OPTIMIZE(8,SPEED) BROWSE DEBUG OBJECTEXTEND PRINT(.\Listings\M
                    -atrixLED.lst) OBJECT(.\Objects\MatrixLED.obj)

line level    source

   1          #include <REGX52.H>
   2          #include "Delay.h"
   3          
   4          sbit RCK=P3^5;          //RCLK
   5          sbit SCK=P3^6;          //SRCLK
   6          sbit SER=P3^4;          //SER
   7          
   8          #define MATRIX_LED_PORT         P0
   9          
  10          
  11          void _74HC595_WriteByte(unsigned char Byte)
  12          {
  13   1              unsigned char i;
  14   1              for(i=0;i<8;i++)
  15   1              {
  16   2                      SER=Byte&(0x80>>i);
  17   2                      SCK=1;
  18   2                      SCK=0;
  19   2              }
  20   1              RCK=1;
  21   1              RCK=0;
  22   1      }
  23          
  24          void MatrixLED_Init()
  25          {
  26   1              SCK=0;
  27   1              RCK=0;
  28   1      }
  29          
  30          
  31          void MatrixLED_ShowColumn(unsigned char Column,Data)
  32          {
  33   1              _74HC595_WriteByte(Data);
  34   1              MATRIX_LED_PORT=~(0x80>>Column);
  35   1              Delay(1);
  36   1              MATRIX_LED_PORT=0xFF;
  37   1      }


MODULE INFORMATION:   STATIC OVERLAYABLE
   CODE SIZE        =     84    ----
   CONSTANT SIZE    =   ----    ----
   XDATA SIZE       =   ----    ----
   PDATA SIZE       =   ----    ----
   DATA SIZE        =   ----    ----
   IDATA SIZE       =   ----    ----
   BIT SIZE         =   ----    ----
END OF MODULE INFORMATION.


C51 COMPILATION COMPLETE.  0 WARNING(S),  0 ERROR(S)
