C51 COMPILER V8.06   ZZSZ                                                                  02/15/2012 21:33:53 PAGE 1   


C51 COMPILER V8.06, COMPILATION OF MODULE ZZSZ
OBJECT MODULE PLACED IN zzsz.OBJ
COMPILER INVOKED BY: C:\Keil\C51\BIN\C51.EXE zzsz.c BROWSE DEBUG OBJECTEXTEND

line level    source

   1          /**********************HJ-3G实验开发板例程************************
   2          *  平台：HJ-3G V6.0 + Keil U3 + STC89C52
   3          *  名称：C语言学习实验
   4          *  公司：慧净电子科技有限公司
   5          *  淘宝：http://shop37031453.taobao.com       
   6          *  网站：www.hlmcu.com
   7          *  编写：
   8          *  日期：2008-8-08
   9          *   QQ : 121350852  398115088
  10          *  晶振:11.0592MHZ
  11          *  说明：免费开源，不提供源代码分析，有问题直接到慧净论坛交流
  12          *  论坛：http://hjdz.5d6d.com
  13          ******************************************************************
  14          程序功能：      演示指针数组的应用方法。
  15          ****************************************************************************/
  16          #include <reg52.h>
  17          
  18          void delay(void)          //一段小延时
  19          {
  20   1        unsigned char m,n;
  21   1        for(m=0;m<200;m++)
  22   1          for(n=0;n<200;n++);
  23   1      }
  24          
  25          void main(void)
  26          {  
  27   1              unsigned char code table[]={0xfe,0xfd,0xfb,0xf7,0xef,0xdf,0xbf,0x7f};
  28   1              unsigned char *p[ ]={&table[0],&table[1],&table[2],&table[3],&table[4],
  29   1                                                      &table[5],&table[6],&table[7]}; 
  30   1                                                      //使指针数组中的每一个变量均指向数组table[]中的相应地址。
  31   1                                                      //指针变量存放的是地址。
  32   1              unsigned char i;     
  33   1              while(1)
  34   1          {
  35   2                 for(i=0;i<8;i++)
  36   2                       {
  37   3                         P1=*p[i];    //i的变化，导致指针内容的变化，然后导致向P1传送的数值的变化。
  38   3                              delay();
  39   3                       }
  40   2               }
  41   1      }


MODULE INFORMATION:   STATIC OVERLAYABLE
   CODE SIZE        =     64    ----
   CONSTANT SIZE    =     32    ----
   XDATA SIZE       =   ----    ----
   PDATA SIZE       =   ----    ----
   DATA SIZE        =   ----      24
   IDATA SIZE       =   ----    ----
   BIT SIZE         =   ----    ----
END OF MODULE INFORMATION.


C51 COMPILATION COMPLETE.  0 WARNING(S),  0 ERROR(S)
