BL51 BANKED LINKER/LOCATER V6.22.4.0                                                    12/29/2024  17:24:02  PAGE 1


BL51 BANKED LINKER/LOCATER V6.22.4.0, INVOKED BY:
D:\KEIL5\C51\BIN\BL51.EXE .\Objects\Main.obj TO .\Objects\Project PRINT (.\Listings\Project.m51) RAMSIZE (256)


INPUT MODULES INCLUDED:
  .\Objects\Main.obj (MAIN)


LINK MAP OF MODULE:  .\Objects\Project (MAIN)


            TYPE    BASE      LENGTH    RELOCATION   SEGMENT NAME
            -----------------------------------------------------

            * * * * * * *   D A T A   M E M O R Y   * * * * * * *
            REG     0000H     0008H     ABSOLUTE     "REG BANK 0"

            * * * * * * *   C O D E   M E M O R Y   * * * * * * *
            CODE    0000H     005BH     ABSOLUTE     



SYMBOL TABLE OF MODULE:  .\Objects\Project (MAIN)

  VALUE           TYPE          NAME
  ----------------------------------

  -------         MODULE        MAIN
  C:003BH         SYMBOL        LOOP1
  C:004FH         SYMBOL        LOOP2
  C:0030H         SYMBOL        MAIN
  D:0090H         SYMBOL        P1
  C:0040H         SYMBOL        T0S
  C:0054H         SYMBOL        T0S1
  B:0088H.5       SYMBOL        TF0
  D:008CH         SYMBOL        TH0
  D:008AH         SYMBOL        TL0
  D:0089H         SYMBOL        TMOD
  B:0088H.4       SYMBOL        TR0
  C:0000H         LINE#         2
  C:0030H         LINE#         5
  C:0033H         LINE#         6
  C:0036H         LINE#         7
  C:0039H         LINE#         8
  C:003BH         LINE#         10
  C:003EH         LINE#         11
  C:0040H         LINE#         13
  C:0042H         LINE#         14
  C:0045H         LINE#         15
  C:0048H         LINE#         16
  C:004BH         LINE#         17
  C:004DH         LINE#         18
  C:004FH         LINE#         20
  C:0052H         LINE#         21
  C:0054H         LINE#         23
  C:0056H         LINE#         24
  C:0058H         LINE#         25
  -------         ENDMOD        MAIN
BL51 BANKED LINKER/LOCATER V6.22.4.0                                                  12/29/2024  17:24:02  PAGE 2



Program Size: data=8.0 xdata=0 code=91
LINK/LOCATE RUN COMPLETE.  0 WARNING(S),  0 ERROR(S)
