A51 MACRO ASSEMBLER  MAIN                                                                 11/10/2024 23:08:55 PAGE     1


MACRO ASSEMBLER A51 V8.2.7.0
OBJECT MODULE PLACED IN .\Objects\Main.obj
ASSEMBLER INVOKED BY: D:\Keil5\C51\BIN\A51.EXE Main.a51 SET(SMALL) DEBUG PRINT(.\Listings\Main.lst) OBJECT(.\Objects\Mai
                      n.obj) EP

LOC  OBJ            LINE     SOURCE

0000                   1             ORG 0000H
0000                   2     INIT:
0000 120044            3             LCALL TIMER0_INIT
0003 020030            4             LJMP MAIN
000B                   5             ORG 000BH
000B 02003B            6             LJMP TIMER0_ISR
0030                   7             ORG 0030H
0030                   8     MAIN:
0030 12003B            9             LCALL KEY_PRO
0033 12003B           10             LCALL SEG_PRO
0036 12003B           11             LCALL LED_PRO
0039 80FE             12             SJMP $
                      13     
003B                  14     LED_DISPLAY:
                      15     
003B                  16     KEY_PRO:
                      17             
                      18     
                      19     
003B                  20     LED_PRO:
                      21             
                      22     
003B                  23     SEG_PRO:
                      24             
003B                  25     TIMER0_ISR:
003B 08               26             INC R0
003C B8C804           27             CJNE R0, #200,SS
003F 7800             28             MOV R0,#00H
0041 B290             29             CPL P1.0
0043                  30     SS:
0043 32               31             RETI
                      32     
0044                  33     TIMER0_INIT:                            ;1毫秒@11.0592MHz
                      34             
0044 5389F0           35             ANL             TMOD,#0F0H              ;设置定时器模式
0047 758ACD           36             MOV             TL0,#0CDH               ;设置定时初始值
004A 758CD4           37             MOV             TH0,#0D4H               ;设置定时初始值
004D C28D             38             CLR             TF0                             ;清除TF0标志
004F D28C             39             SETB    TR0                             ;定时器0开始计时
0051 D2A9             40             SETB    ET0                             ;使能定时器0中断
0053 D2AF             41             SETB    EA
0055 22               42             RET
                      43     
                      44     END
A51 MACRO ASSEMBLER  MAIN                                                                 11/10/2024 23:08:55 PAGE     2

SYMBOL TABLE LISTING
------ ----- -------


N A M E             T Y P E  V A L U E   ATTRIBUTES

EA . . . . . . . .  B ADDR   00A8H.7 A   
ET0. . . . . . . .  B ADDR   00A8H.1 A   
INIT . . . . . . .  C ADDR   0000H   A   
KEY_PRO. . . . . .  C ADDR   003BH   A   
LED_DISPLAY. . . .  C ADDR   003BH   A   
LED_PRO. . . . . .  C ADDR   003BH   A   
MAIN . . . . . . .  C ADDR   0030H   A   
P1 . . . . . . . .  D ADDR   0090H   A   
SEG_PRO. . . . . .  C ADDR   003BH   A   
SS . . . . . . . .  C ADDR   0043H   A   
TF0. . . . . . . .  B ADDR   0088H.5 A   
TH0. . . . . . . .  D ADDR   008CH   A   
TIMER0_INIT. . . .  C ADDR   0044H   A   
TIMER0_ISR . . . .  C ADDR   003BH   A   
TL0. . . . . . . .  D ADDR   008AH   A   
TMOD . . . . . . .  D ADDR   0089H   A   
TR0. . . . . . . .  B ADDR   0088H.4 A   


REGISTER BANK(S) USED: 0 


ASSEMBLY COMPLETE.  0 WARNING(S), 0 ERROR(S)
